// Jest Snapshot v1, https://goo.gl/fbAQLP

exports[`Search snapshots 1`] = `
<form>
  <div
    className="input-group  input-group-lg mb-3"
  >
    <input
      aria-label="Search by title or author"
      className="form-control"
      type="text"
    />
    <div
      className="input-group-append"
    >
      <button
        className="btn btn-outline-primary"
        id="button-addon2"
        selected={true}
        type="button"
      >
        Search
      </button>
    </div>
  </div>
</form>
`;
